$ node --env-file-if-exists=.env src/index.js
[17:53:40.583] [32mINFO[39m (15008): [36mMongoDB connection established[39m
    [35mseed[39m: "existing"
[17:53:40.586] [32mINFO[39m (15008): [36mServer listening[39m
    [35mport[39m: 8080
[17:53:52.355] [32mINFO[39m (15008): [36mrequest completed[39m
    [35mreq[39m: {
      "id": 1,
      "method": "GET",
      "url": "/api/healthz"
    }
    [35mres[39m: {
      "statusCode": 200
    }
    [35mresponseTime[39m: 6
[17:54:33.020] [32mINFO[39m (15008): [36mrequest completed[39m
    [35mreq[39m: {
      "id": 2,
      "method": "GET",
      "url": "/api/dashboard/overview"
    }
    [35mres[39m: {
      "statusCode": 401
    }
    [35mresponseTime[39m: 7
[17:54:34.096] [32mINFO[39m (15008): [36mrequest completed[39m
    [35mreq[39m: {
      "id": 3,
      "method": "GET",
      "url": "/api/dashboard/overview"
    }
    [35mres[39m: {
      "statusCode": 401
    }
    [35mresponseTime[39m: 7
[17:54:35.647] [32mINFO[39m (15008): [36mrequest completed[39m
    [35mreq[39m: {
      "id": 4,
      "method": "GET",
      "url": "/api/dashboard/overview"
    }
    [35mres[39m: {
      "statusCode": 401
    }
    [35mresponseTime[39m: 5
[17:54:36.813] [32mINFO[39m (15008): [36mrequest completed[39m
    [35mreq[39m: {
      "id": 5,
      "method": "GET",
      "url": "/api/dashboard/overview"
    }
    [35mres[39m: {
      "statusCode": 401
    }
    [35mresponseTime[39m: 4
[17:54:38.837] [32mINFO[39m (15008): [36mrequest completed[39m
    [35mreq[39m: {
      "id": 6,
      "method": "GET",
      "url": "/api/dashboard/overview"
    }
    [35mres[39m: {
      "statusCode": 401
    }
    [35mresponseTime[39m: 7
[17:54:42.861] [32mINFO[39m (15008): [36mrequest completed[39m
    [35mreq[39m: {
      "id": 7,
      "method": "GET",
      "url": "/api/dashboard/overview"
    }
    [35mres[39m: {
      "statusCode": 401
    }
    [35mresponseTime[39m: 5
[17:55:04.190] [32mINFO[39m (15008): [36mrequest completed[39m
    [35mreq[39m: {
      "id": 8,
      "method": "GET",
      "url": "/api/members"
    }
    [35mres[39m: {
      "statusCode": 401
    }
    [35mresponseTime[39m: 4
[17:55:05.528] [32mINFO[39m (15008): [36mrequest completed[39m
    [35mreq[39m: {
      "id": 9,
      "method": "GET",
      "url": "/api/members"
    }
    [35mres[39m: {
      "statusCode": 401
    }
    [35mresponseTime[39m: 10
[17:55:07.562] [32mINFO[39m (15008): [36mrequest completed[39m
    [35mreq[39m: {
      "id": 10,
      "method": "GET",
      "url": "/api/members"
    }
    [35mres[39m: {
      "statusCode": 401
    }
    [35mresponseTime[39m: 11
[17:55:11.903] [32mINFO[39m (15008): [36mrequest completed[39m
    [35mreq[39m: {
      "id": 11,
      "method": "GET",
      "url": "/api/members"
    }
    [35mres[39m: {
      "statusCode": 401
    }
    [35mresponseTime[39m: 7
[17:57:40.738] [32mINFO[39m (15008): [36mrequest completed[39m
    [35mreq[39m: {
      "id": 12,
      "method": "GET",
      "url": "/api/members"
    }
    [35mres[39m: {
      "statusCode": 401
    }
    [35mresponseTime[39m: 3
[17:57:41.756] [32mINFO[39m (15008): [36mrequest completed[39m
    [35mreq[39m: {
      "id": 13,
      "method": "GET",
      "url": "/api/members"
    }
    [35mres[39m: {
      "statusCode": 401
    }
    [35mresponseTime[39m: 2
[17:57:44.091] [32mINFO[39m (15008): [36mrequest completed[39m
    [35mreq[39m: {
      "id": 14,
      "method": "GET",
      "url": "/api/members"
    }
    [35mres[39m: {
      "statusCode": 401
    }
    [35mresponseTime[39m: 6
[17:57:46.042] [32mINFO[39m (15008): [36mrequest completed[39m
    [35mreq[39m: {
      "id": 15,
      "method": "POST",
      "url": "/api/auth/login"
    }
    [35mres[39m: {
      "statusCode": 401
    }
    [35mresponseTime[39m: 100
[17:57:46.244] [32mINFO[39m (15008): [36mrequest completed[39m
    [35mreq[39m: {
      "id": 16,
      "method": "GET",
      "url": "/api/auth/demo"
    }
    [35mres[39m: {
      "statusCode": 200
    }
    [35mresponseTime[39m: 188
[17:57:48.106] [32mINFO[39m (15008): [36mrequest completed[39m
    [35mreq[39m: {
      "id": 17,
      "method": "GET",
      "url": "/api/members"
    }
    [35mres[39m: {
      "statusCode": 401
    }
    [35mresponseTime[39m: 2
[17:57:50.795] [32mINFO[39m (15008): [36mrequest completed[39m
    [35mreq[39m: {
      "id": 18,
      "method": "GET",
      "url": "/api/auth/demo"
    }
    [35mres[39m: {
      "statusCode": 304
    }
    [35mresponseTime[39m: 190
[17:57:52.030] [32mINFO[39m (15008): [36mrequest completed[39m
    [35mreq[39m: {
      "id": 19,
      "method": "POST",
      "url": "/api/auth/login"
    }
    [35mres[39m: {
      "statusCode": 200
    }
    [35mresponseTime[39m: 76
[17:57:52.426] [32mINFO[39m (15008): [36mrequest completed[39m
    [35mreq[39m: {
      "id": 20,
      "method": "GET",
      "url": "/api/dashboard/overview"
    }
    [35mres[39m: {
      "statusCode": 200
    }
    [35mresponseTime[39m: 258
[17:57:53.509] [32mINFO[39m (15008): [36mrequest completed[39m
    [35mreq[39m: {
      "id": 21,
      "method": "POST",
      "url": "/api/auth/login"
    }
    [35mres[39m: {
      "statusCode": 200
    }
    [35mresponseTime[39m: 78
[17:57:53.951] [32mINFO[39m (15008): [36mrequest completed[39m
    [35mreq[39m: {
      "id": 22,
      "method": "GET",
      "url": "/api/dashboard/overview"
    }
    [35mres[39m: {
      "statusCode": 200
    }
    [35mresponseTime[39m: 83
